17:15:30 **** Incremental Build of configuration Debug for project 003stackPointer ****
make -j8 all 
arm-none-eabi-gcc "../Src/main.c" -mcpu=cortex-m4 -std=gnu11 -g3 -DDEBUG -DSTM32 -DSTM32F407G_DISC1 -DSTM32F4 -DSTM32F407VGTx -c -I../Inc -O0 -ffunction-sections -fdata-sections -Wall -fstack-usage -MMD -MP -MF"Src/main.d" -MT"Src/main.o" --specs=nano.specs -mfloat-abi=soft -mthumb -o "Src/main.o"
arm-none-eabi-gcc -o "003stackPointer.elf" @"objects.list"   -mcpu=cortex-m4 -T"C:\Users\yusuf\Documents\Embedded-C\My_Workspace\cortexmx\003stackPointer\STM32F407VGTX_FLASH.ld" --specs=nosys.specs -Wl,-Map="003stackPointer.map" -Wl,--gc-sections -static --specs=nano.specs -mfloat-abi=soft -mthumb -Wl,--start-group -lc -lm -Wl,--end-group
Finished building target: 003stackPointer.elf
 
arm-none-eabi-size   003stackPointer.elf 
arm-none-eabi-objdump -h -S  003stackPointer.elf  > "003stackPointer.list"
   text	   data	    bss	    dec	    hex	filename
   5648	    108	   1588	   7344	   1cb0	003stackPointer.elf
Finished building: default.size.stdout
 
Finished building: 003stackPointer.list
 

17:15:31 Build Finished. 0 errors, 0 warnings. (took 770ms)

