13:14:33 **** Build of configuration Debug for project 003Add ****
make -j8 all 
arm-none-eabi-gcc "../Src/main.c" -mcpu=cortex-m4 -std=gnu11 -g3 -DDEBUG -DSTM32 -DSTM32F407G_DISC1 -DSTM32F4 -DSTM32F407VGTx -c -I../Inc -O0 -ffunction-sections -fdata-sections -Wall -fstack-usage -MMD -MP -MF"Src/main.d" -MT"Src/main.o" --specs=nano.specs -mfloat-abi=soft -mthumb -o "Src/main.o"
arm-none-eabi-gcc -o "003Add.elf" @"objects.list"   -mcpu=cortex-m4 -T"C:\Users\yusuf\Documents\Embedded-C\My_Workspace\target\003Add\STM32F407VGTX_FLASH.ld" --specs=nosys.specs -Wl,-Map="003Add.map" -Wl,--gc-sections -static --specs=nano.specs -mfloat-abi=soft -mthumb -Wl,--start-group -lc -lm -Wl,--end-group
Finished building target: 003Add.elf
 
arm-none-eabi-size   003Add.elf 
arm-none-eabi-objdump -h -S  003Add.elf  > "003Add.list"
   text	   data	    bss	    dec	    hex	filename
   5320	    116	   1588	   7024	   1b70	003Add.elf
Finished building: default.size.stdout
 
Finished building: 003Add.list
 

13:14:34 Build Finished. 0 errors, 0 warnings. (took 621ms)

